============================= test session starts =============================
platform win32 -- Python 3.14.4, pytest-9.0.3, pluggy-1.6.0
rootdir: D:\VortexBrain00\stella
configfile: pyproject.toml
testpaths: tests
plugins: anyio-4.13.0, cov-7.1.0
collected 381 items / 4 deselected / 377 selected

tests\adapters\llm\test_anthropic_provider.py ........                   [  2%]
tests\adapters\llm\test_base.py ...                                      [  2%]
tests\adapters\llm\test_errors.py .........                              [  5%]
tests\adapters\llm\test_gemma_nvidia.py ....                             [  6%]
tests\adapters\llm\test_router.py .............                          [  9%]
tests\adapters\postiz\test_base.py ....                                  [ 10%]
tests\adapters\postiz\test_client.py .........                           [ 13%]
tests\adapters\postiz\test_fake.py .....                                 [ 14%]
tests\adapters\vault\test_base.py ...                                    [ 15%]
tests\adapters\vault\test_obsidian_vault.py ...................          [ 20%]
tests\adapters\vault\test_scoped_vault.py ..........                     [ 23%]
tests\agents\agente_marca_mktmagneto\test_agent_text_pipeline.py .....   [ 24%]
tests\agents\agente_marca_mktmagneto\test_autoqa.py .....                [ 25%]
tests\agents\agente_marca_mktmagneto\test_carregador_marca.py ...        [ 26%]
tests\agents\agente_marca_mktmagneto\test_descoberta.py ..               [ 27%]
tests\agents\agente_marca_mktmagneto\test_montador_visual.py ....        [ 28%]
tests\agents\agente_marca_mktmagneto\test_pesquisador.py .....           [ 29%]
tests\agents\agente_marca_mktmagneto\test_planejador.py .....            [ 30%]
tests\agents\agente_marca_mktmagneto\test_redator.py ....                [ 31%]
tests\agents\agente_publicador\test_agent.py ............                [ 35%]
tests\domain\test_agente.py .                                            [ 35%]
tests\domain\test_conexao_mcp.py ..                                      [ 35%]
tests\domain\test_decisao.py .                                           [ 36%]
tests\domain\test_enums.py ..                                            [ 36%]
tests\domain\test_memoria.py ..                                          [ 37%]
tests\domain\test_skill.py ..                                            [ 37%]
tests\domain\test_tarefa.py ......                                       [ 39%]
tests\framework\quality\test_feedback.py ....                            [ 40%]
tests\framework\quality\test_policies.py .....                           [ 41%]
tests\framework\quality\test_reviewer.py ...........                     [ 44%]
tests\framework\test_agent.py .............                              [ 48%]
tests\framework\test_agent_cli.py .............                          [ 51%]
tests\framework\test_aspargus_manifest.py ...                            [ 52%]
tests\framework\test_brave_perplexity_registered.py .....                [ 53%]
tests\framework\test_builder.py ........                                 [ 55%]
tests\framework\test_client.py ........                                  [ 57%]
tests\framework\test_errors.py ..........                                [ 60%]
tests\framework\test_exports.py ...                                      [ 61%]
tests\framework\test_manifest.py ................                        [ 65%]
tests\framework\test_mcp_registry.py .......                             [ 67%]
tests\framework\test_rag_registry.py ....                                [ 68%]
tests\framework\test_registry.py ...........                             [ 71%]
tests\framework\test_sandbox.py ..                                       [ 71%]
tests\framework\test_scheduling.py ...                                   [ 72%]
tests\framework\test_skills_editor.py ..                                 [ 73%]
tests\framework\test_skills_marca.py .                                   [ 73%]
tests\framework\test_skills_registry.py ......                           [ 75%]
tests\framework\test_smoke.py ..                                         [ 75%]
tests\framework\test_vault_scope_list.py ....                            [ 76%]
tests\framework\testing\test_fakes.py .......................            [ 82%]
tests\framework\testing\test_make_fake_deps.py ....                      [ 83%]
tests\frontends\test_cli.py ...............                              [ 87%]
tests\golden\test_prompts_estaticos.py ..                                [ 88%]
tests\infra\test_config.py ..............                                [ 92%]
tests\infra\test_logging.py ...                                          [ 92%]
tests\infra\test_usage_tracker.py ....                                   [ 93%]
tests\prompts\test_prompt_builder.py ...                                 [ 94%]
tests\test_app.py .......                                                [ 96%]
tests\test_smoke.py .                                                    [ 96%]
tests\usecases\test_atualizar_memoria.py ...                             [ 97%]
tests\usecases\test_base.py ...                                          [ 98%]
tests\usecases\test_capturar_ideia.py ...                                [ 99%]
tests\usecases\test_responder_projeto.py ...                             [100%]

===================== 377 passed, 4 deselected in 22.48s ======================
